timestamp,level,service,message
2026-02-01 15:40:29.729358,INFO,orders,Request OK
2026-02-01 15:40:43.483010,ERROR,payment,DB failure
2026-02-01 15:40:43.684040,WARN,orders,Cache hit
2026-02-01 15:40:29.931280,WARN,orders,Request OK
2026-02-01 15:40:37.825921,ERROR,orders,Null pointer
2026-02-01 15:40:34.806053,ERROR,search,Null pointer
2026-02-01 15:40:30.132411,INFO,search,Cache hit
2026-02-01 15:40:29.729358,INFO,orders,Request OK
2026-02-01 15:40:43.483010,ERROR,payment,DB failure
2026-02-01 15:40:43.684040,WARN,orders,Cache hit
2026-02-01 15:40:29.931280,WARN,orders,Request OK
2026-02-01 15:40:37.825921,ERROR,orders,Null pointer
2026-02-01 15:40:34.806053,ERROR,search,Null pointer
2026-02-01 15:40:30.132411,INFO,search,Cache hit
2026-02-01 15:40:29.729358,INFO,orders,Request OK
2026-02-01 15:40:43.483010,ERROR,payment,DB failure
2026-02-01 15:40:43.684040,WARN,orders,Cache hit
2026-02-01 15:40:29.931280,WARN,orders,Request OK
2026-02-01 15:40:37.825921,ERROR,orders,Null pointer
2026-02-01 15:40:34.806053,ERROR,search,Null pointer
2026-02-01 15:40:30.132411,INFO,search,Cache hit
2026-02-01 15:40:29.729358,INFO,orders,Request OK
2026-02-01 15:40:43.483010,ERROR,payment,DB failure
2026-02-01 15:40:43.684040,WARN,orders,Cache hit
2026-02-01 15:40:29.931280,WARN,orders,Request OK
2026-02-01 15:40:37.825921,ERROR,orders,Null pointer
2026-02-01 15:40:34.806053,ERROR,search,Null pointer
2026-02-01 15:40:30.132411,INFO,search,Cache hit
2026-02-01 15:40:29.729358,INFO,orders,Request OK
2026-02-01 15:40:43.483010,ERROR,payment,DB failure
2026-02-01 15:40:43.684040,WARN,orders,Cache hit
2026-02-01 15:40:29.931280,WARN,orders,Request OK
2026-02-01 15:40:37.825921,ERROR,orders,Null pointer
2026-02-01 15:40:34.806053,ERROR,search,Null pointer
2026-02-01 15:40:30.132411,INFO,search,Cache hit
2026-02-01 15:40:29.729358,INFO,orders,Request OK
2026-02-01 15:40:43.483010,ERROR,payment,DB failure
2026-02-01 15:40:43.684040,WARN,orders,Cache hit
2026-02-01 15:40:29.931280,WARN,orders,Request OK
2026-02-01 15:40:37.825921,ERROR,orders,Null pointer
2026-02-01 15:40:34.806053,ERROR,search,Null pointer
2026-02-01 15:40:30.132411,INFO,search,Cache hit
2026-02-01 15:40:29.729358,INFO,orders,Request OK
2026-02-01 15:40:43.483010,ERROR,payment,DB failure
2026-02-01 15:40:43.684040,WARN,orders,Cache hit
2026-02-01 15:40:29.931280,WARN,orders,Request OK
2026-02-01 15:40:37.825921,ERROR,orders,Null pointer
2026-02-01 15:40:34.806053,ERROR,search,Null pointer
2026-02-01 15:40:30.132411,INFO,search,Cache hit
2026-02-01 15:40:29.729358,INFO,orders,Request OK
2026-02-01 15:40:43.483010,ERROR,payment,DB failure
2026-02-01 15:40:43.684040,WARN,orders,Cache hit
2026-02-01 15:40:29.931280,WARN,orders,Request OK
2026-02-01 15:40:37.825921,ERROR,orders,Null pointer
2026-02-01 15:40:34.806053,ERROR,search,Null pointer
2026-02-01 15:40:30.132411,INFO,search,Cache hit
2026-02-01 15:40:29.729358,INFO,orders,Request OK
2026-02-01 15:40:43.483010,ERROR,payment,DB failure
2026-02-01 15:40:43.684040,WARN,orders,Cache hit
2026-02-01 15:40:29.931280,WARN,orders,Request OK
2026-02-01 15:40:37.825921,ERROR,orders,Null pointer
2026-02-01 15:40:34.806053,ERROR,search,Null pointer
2026-02-01 15:40:30.132411,INFO,search,Cache hit
2026-02-01 15:40:29.729358,INFO,orders,Request OK
2026-02-01 15:40:43.483010,ERROR,payment,DB failure
2026-02-01 15:40:43.684040,WARN,orders,Cache hit
2026-02-01 15:40:29.931280,WARN,orders,Request OK
2026-02-01 15:40:37.825921,ERROR,orders,Null pointer
2026-02-01 15:40:34.806053,ERROR,search,Null pointer
2026-02-01 15:40:30.132411,INFO,search,Cache hit
2026-02-01 15:40:29.729358,INFO,orders,Request OK
2026-02-01 15:40:43.483010,ERROR,payment,DB failure
2026-02-01 15:40:43.684040,WARN,orders,Cache hit
2026-02-01 15:40:29.931280,WARN,orders,Request OK
2026-02-01 15:40:37.825921,ERROR,orders,Null pointer
2026-02-01 15:40:34.806053,ERROR,search,Null pointer
2026-02-01 15:40:30.132411,INFO,search,Cache hit
2026-02-01 15:40:29.729358,INFO,orders,Request OK
2026-02-01 15:40:43.483010,ERROR,payment,DB failure
2026-02-01 15:40:43.684040,WARN,orders,Cache hit
2026-02-01 15:40:29.931280,WARN,orders,Request OK
2026-02-01 15:40:37.825921,ERROR,orders,Null pointer
2026-02-01 15:40:34.806053,ERROR,search,Null pointer
2026-02-01 15:40:30.132411,INFO,search,Cache hit
2026-02-01 15:40:29.729358,INFO,orders,Request OK
2026-02-01 15:40:43.483010,ERROR,payment,DB failure
2026-02-01 15:40:43.684040,WARN,orders,Cache hit
2026-02-01 15:40:29.931280,WARN,orders,Request OK
2026-02-01 15:40:37.825921,ERROR,orders,Null pointer
2026-02-01 15:40:34.806053,ERROR,search,Null pointer
2026-02-01 15:40:30.132411,INFO,search,Cache hit
2026-02-01 15:40:29.729358,INFO,orders,Request OK
2026-02-01 15:40:43.483010,ERROR,payment,DB failure
2026-02-01 15:40:43.684040,WARN,orders,Cache hit
2026-02-01 15:40:29.931280,WARN,orders,Request OK
2026-02-01 15:40:37.825921,ERROR,orders,Null pointer
2026-02-01 15:40:34.806053,ERROR,search,Null pointer
2026-02-01 15:40:30.132411,INFO,search,Cache hit
2026-02-01 15:40:29.729358,INFO,orders,Request OK
2026-02-01 15:40:43.483010,ERROR,payment,DB failure
2026-02-01 15:40:43.684040,WARN,orders,Cache hit
2026-02-01 15:40:29.931280,WARN,orders,Request OK
2026-02-01 15:40:37.825921,ERROR,orders,Null pointer
2026-02-01 15:40:34.806053,ERROR,search,Null pointer
2026-02-01 15:40:30.132411,INFO,search,Cache hit
2026-02-01 15:40:29.729358,INFO,orders,Request OK
2026-02-01 15:40:43.483010,ERROR,payment,DB failure
2026-02-01 15:40:43.684040,WARN,orders,Cache hit
2026-02-01 15:40:29.931280,WARN,orders,Request OK
2026-02-01 15:40:37.825921,ERROR,orders,Null pointer
2026-02-01 15:40:34.806053,ERROR,search,Null pointer
2026-02-01 15:40:30.132411,INFO,search,Cache hit
2026-02-01 15:40:29.729358,INFO,orders,Request OK
2026-02-01 15:40:43.483010,ERROR,payment,DB failure
2026-02-01 15:40:43.684040,WARN,orders,Cache hit
2026-02-01 15:40:29.931280,WARN,orders,Request OK
2026-02-01 15:40:37.825921,ERROR,orders,Null pointer
2026-02-01 15:40:34.806053,ERROR,search,Null pointer
2026-02-01 15:40:30.132411,INFO,search,Cache hit
2026-02-01 15:40:29.729358,INFO,orders,Request OK
2026-02-01 15:40:43.483010,ERROR,payment,DB failure
2026-02-01 15:40:43.684040,WARN,orders,Cache hit
2026-02-01 15:40:29.931280,WARN,orders,Request OK
2026-02-01 15:40:37.825921,ERROR,orders,Null pointer
2026-02-01 15:40:34.806053,ERROR,search,Null pointer
2026-02-01 15:40:30.132411,INFO,search,Cache hit
